// Jest Snapshot v1, https://goo.gl/fbAQLP

exports[`Test <FirstApp /> should match snapshot 1`] = `
Array [
  <h1 />,
  <p>
    No subtitle
  </p>,
  <p>
    Alex
  </p>,
]
`;

exports[`Test <FirstApp /> should match snapshot v1 1`] = `
Array [
  <h1 />,
  <p>
    No subtitle
  </p>,
  <p>
    Alex
  </p>,
]
`;
